layer at (0,0) size 800x600
  LayoutView at (0,0) size 800x600
layer at (0,0) size 800x600
  LayoutBlockFlow {HTML} at (0,0) size 800x600
    LayoutBlockFlow {BODY} at (8,8) size 784x576
      LayoutBlockFlow {P} at (0,0) size 784x40
        LayoutText {#text} at (0,0) size 737x39
          text run at (0,0) width 289: "This test for a bug in Insert{Un}OrderedList. "
          text run at (289,0) width 448: "Inside an empty editable region, a new paragraph is added, then a list is"
          text run at (0,20) width 53: "created. "
          text run at (53,20) width 128: "The caret should be "
        LayoutInline {B} at (0,0) size 39x19
          LayoutText {#text} at (181,20) size 39x19
            text run at (181,20) width 39: "inside"
        LayoutText {#text} at (220,20) size 123x19
          text run at (220,20) width 123: " the empty list item."
      LayoutBlockFlow {DIV} at (0,56) size 784x56
        LayoutBlockFlow {DIV} at (0,0) size 784x20
          LayoutBR {BR} at (0,0) size 0x19
        LayoutBlockFlow {DIV} at (0,36) size 784x20
          LayoutBlockFlow {UL} at (0,0) size 784x20
            LayoutListItem {LI} at (40,0) size 744x20
              LayoutListMarker (anonymous) at (-18,0) size 7x19: bullet
              LayoutBR {BR} at (0,0) size 0x19
caret: position 0 of child 0 {BR} of child 0 {LI} of child 0 {UL} of child 1 {DIV} of child 2 {DIV} of body
