layer at (0,0) size 800x600
  LayoutView at (0,0) size 800x600
layer at (0,0) size 800x600
  LayoutBlockFlow {HTML} at (0,0) size 800x600
    LayoutBlockFlow {BODY} at (8,8) size 784x584
      LayoutBlockFlow {P} at (0,0) size 784x40
        LayoutText {#text} at (0,0) size 747x39
          text run at (0,0) width 407: "This tests for a hang when indenting a fully selected table twice. "
          text run at (407,0) width 340: "You should see a twice indented table, with four cells,"
          text run at (0,20) width 42: "below."
      LayoutBlockFlow {DIV} at (0,56) size 784x56
        LayoutBlockFlow {BLOCKQUOTE} at (40,0) size 744x56
          LayoutBlockFlow {BLOCKQUOTE} at (40,0) size 704x56
            LayoutTable {TABLE} at (0,0) size 83x56 [border: (1px outset #808080)]
              LayoutTableSection {TBODY} at (1,1) size 81x54
                LayoutTableRow {TR} at (0,2) size 81x24
                  LayoutTableCell {TD} at (2,2) size 41x24 [border: (1px inset #808080)] [r=0 c=0 rs=1 cs=1]
                    LayoutText {#text} at (2,2) size 27x19
                      text run at (2,2) width 27: "One"
                  LayoutTableCell {TD} at (45,2) size 34x24 [border: (1px inset #808080)] [r=0 c=1 rs=1 cs=1]
                    LayoutText {#text} at (2,2) size 29x19
                      text run at (2,2) width 29: "Two"
                LayoutTableRow {TR} at (0,28) size 81x24
                  LayoutTableCell {TD} at (2,28) size 41x24 [border: (1px inset #808080)] [r=1 c=0 rs=1 cs=1]
                    LayoutText {#text} at (2,2) size 37x19
                      text run at (2,2) width 37: "Three"
                  LayoutTableCell {TD} at (45,28) size 34x24 [border: (1px inset #808080)] [r=1 c=1 rs=1 cs=1]
                    LayoutText {#text} at (2,2) size 30x19
                      text run at (2,2) width 30: "Four"
selection start: position 0 of child 0 {TABLE} of child 0 {BLOCKQUOTE} of child 1 {BLOCKQUOTE} of child 2 {DIV} of body
selection end:   position 2 of child 0 {TABLE} of child 0 {BLOCKQUOTE} of child 1 {BLOCKQUOTE} of child 2 {DIV} of body
