layer at (0,0) size 800x600
  LayoutView at (0,0) size 800x600
layer at (0,0) size 800x532
  LayoutBlockFlow {HTML} at (0,0) size 800x532
    LayoutBlockFlow {BODY} at (8,16) size 784x508
      LayoutBlockFlow {P} at (0,0) size 784x92
        LayoutRuby (inline) {RUBY} at (0,0) size 144x55
          LayoutRubyRun (anonymous) at (0,8) size 144x84
            LayoutRubyText {RT} at (0,-18) size 144x42
              LayoutText {#text} at (0,10) size 144x27
                text run at (0,10) width 144: "\x{304D}\x{3069}\x{3046}\x{305F}\x{3044}\x{304D}"
            LayoutRubyBase (anonymous) at (0,0) size 144x84
              LayoutText {#text} at (12,19) size 120x55
                text run at (12,19) width 120: "\x{653B}\x{6BBB}"
        LayoutText {#text} at (0,0) size 0x0
      LayoutBlockFlow {P} at (0,108) size 784x92
        LayoutRuby (inline) {RUBY} at (0,0) size 192x55
          LayoutRubyRun (anonymous) at (0,8) size 192x84
            LayoutRubyText {RT} at (0,-18) size 192x42
              LayoutText {#text} at (0,10) size 192x27
                text run at (0,10) width 192: "\x{304D}\x{3069}\x{3046}\x{305F}\x{3044}\x{304D}\x{3069}\x{3046}"
            LayoutRubyBase (anonymous) at (0,0) size 192x84
              LayoutText {#text} at (8,19) size 176x55
                text run at (8,19) width 176: "\x{6A5F}\x{52D5}\x{968A}"
        LayoutText {#text} at (0,0) size 0x0
      LayoutBlockFlow {DIV} at (0,216) size 242x292
        LayoutBlockFlow {P} at (16,0) size 97x292
          LayoutRuby (inline) {RUBY} at (0,0) size 55x144
            LayoutRubyRun (anonymous) at (13,0) size 84x144
              LayoutRubyText {RT} at (-20,0) size 42x144
                LayoutText {#text} at (7,0) size 27x144
                  text run at (7,0) width 144: "\x{304D}\x{3069}\x{3046}\x{305F}\x{3044}\x{304D}"
              LayoutRubyBase (anonymous) at (0,0) size 84x144
                LayoutText {#text} at (14,12) size 55x120
                  text run at (14,12) width 120: "\x{653B}\x{6BBB}"
          LayoutText {#text} at (0,0) size 0x0
        LayoutBlockFlow {P} at (129,0) size 97x292
          LayoutRuby (inline) {RUBY} at (0,0) size 55x192
            LayoutRubyRun (anonymous) at (13,0) size 84x192
              LayoutRubyText {RT} at (-20,0) size 42x192
                LayoutText {#text} at (7,0) size 27x192
                  text run at (7,0) width 192: "\x{304D}\x{3069}\x{3046}\x{305F}\x{3044}\x{304D}\x{3069}\x{3046}"
              LayoutRubyBase (anonymous) at (0,0) size 84x192
                LayoutText {#text} at (14,8) size 55x176
                  text run at (14,8) width 176: "\x{6A5F}\x{52D5}\x{968A}"
          LayoutText {#text} at (0,0) size 0x0
