layer at (0,0) size 800x600
  LayoutView at (0,0) size 800x600
layer at (0,0) size 800x600
  LayoutBlockFlow {HTML} at (0,0) size 800x600
    LayoutBlockFlow {BODY} at (8,8) size 784x576
      LayoutBlockFlow {P} at (0,0) size 784x40
        LayoutText {#text} at (0,0) size 321x19
          text run at (0,0) width 321: "Test for monospace width cache bug mentioned in "
        LayoutInline {A} at (0,0) size 68x19 [color=#0000EE]
          LayoutText {#text} at (320,0) size 68x19
            text run at (320,0) width 68: "bug 11197"
        LayoutText {#text} at (387,0) size 5x19
          text run at (387,0) width 5: " "
        LayoutInline {I} at (0,0) size 742x39
          LayoutText {#text} at (391,0) size 742x39
            text run at (391,0) width 351: "REGRESSION: Specifying a counter for a CODE tag's"
            text run at (0,20) width 347: "content style property on before or after causes a crash"
        LayoutText {#text} at (346,20) size 5x19
          text run at (346,20) width 5: "."
      LayoutBlockFlow {P} at (0,56) size 784x20
        LayoutText {#text} at (0,0) size 369x19
          text run at (0,0) width 369: "The blue line and the black line should be the same length."
      LayoutBlockFlow {P} at (0,92) size 784x18
        LayoutInline {SPAN} at (0,0) size 120x19 [border: none (1px solid #0000FF) none]
          LayoutText {#text} at (0,0) size 120x18
            text run at (0,0) width 120: "\x{2500}\x{2500}\x{2500}\x{2500}\x{2500}\x{2500}\x{2500}\x{2500}\x{2500}\x{2500}\x{2500}\x{2500}"
