layer at (0,0) size 800x600
  LayoutView at (0,0) size 800x600
layer at (0,0) size 800x36
  LayoutBlockFlow {HTML} at (0,0) size 800x36
    LayoutBlockFlow {BODY} at (8,8) size 784x20
      LayoutBlockFlow {IMG} at (0,0) size 10x20 [bgcolor=#008000]
        LayoutInline {SPAN} at (0,0) size 10x19
          LayoutInline {SPAN} at (0,0) size 10x19
            LayoutText {#text} at (0,0) size 10x19
              text run at (0,0) width 10: "--"
      LayoutText {#text} at (0,0) size 0x0
