layer at (0,0) size 800x600 clip at (0,0) size 785x600 scrollY 2574.00 scrollHeight 3174
  LayoutView at (0,0) size 800x600
layer at (0,0) size 785x3174 backgroundClip at (0,0) size 785x600 clip at (0,0) size 785x600
  LayoutBlockFlow {HTML} at (0,0) size 785x3174
    LayoutBlockFlow {BODY} at (8,8) size 769x3150
      LayoutBlockFlow {P} at (0,0) size 769x20
        LayoutText {#text} at (0,0) size 52x19
          text run at (0,0) width 52: "Test for "
        LayoutInline {A} at (0,0) size 69x19 [color=#0000EE]
          LayoutText {#text} at (51,0) size 69x19
            text run at (51,0) width 69: "bug 12331"
        LayoutText {#text} at (119,0) size 5x19
          text run at (119,0) width 5: "."
      LayoutBlockFlow {P} at (0,36) size 769x40
        LayoutText {#text} at (0,0) size 737x39
          text run at (0,0) width 737: "To test manually, scroll down until you find the input element. Select some text. If the bug occurs, the page will scroll"
          text run at (0,20) width 117: "back up to the top."
      LayoutBlockFlow {DIV} at (0,92) size 769x3000
      LayoutBlockFlow (anonymous) at (0,3092) size 769x22
        LayoutTextControl {INPUT} at (0,0) size 154x22 [bgcolor=#FFFFFF] [border: (2px inset #EEEEEE)]
        LayoutText {#text} at (0,0) size 0x0
      LayoutBlockFlow {P} at (0,3130) size 769x20
        LayoutText {#text} at (0,0) size 404x19
          text run at (0,0) width 404: "If the bug does not occur, you'll be left down here at the bottom."
layer at (10,3103) size 150x16 backgroundClip at (0,0) size 0x0 clip at (0,0) size 0x0
  LayoutBlockFlow {DIV} at (2,3) size 150x16
    LayoutText {#text} at (0,0) size 137x16
      text run at (0,0) width 137: "select some of this text"
selection start: position 1 of child 0 {#text} of child 0 {DIV} of {#document-fragment} of child 7 {INPUT} of body
selection end:   position 15 of child 0 {#text} of child 0 {DIV} of {#document-fragment} of child 7 {INPUT} of body
scrolled to 0,2574
