layer at (0,0) size 800x600
  LayoutView at (0,0) size 800x600
layer at (0,0) size 800x600
  LayoutBlockFlow {HTML} at (0,0) size 800x600
    LayoutBlockFlow {BODY} at (8,8) size 784x584
      LayoutBlockFlow {P} at (0,0) size 784x40
        LayoutText {#text} at (0,0) size 253x19
          text run at (0,0) width 253: "This test checks for a regression against "
        LayoutInline {I} at (0,0) size 743x39
          LayoutInline {A} at (0,0) size 348x19 [color=#0000EE]
            LayoutText {#text} at (253,0) size 348x19
              text run at (253,0) width 348: "http://bugzilla.opendarwin.org/show_bug.cgi?id=6276"
          LayoutText {#text} at (600,0) size 743x39
            text run at (600,0) width 5: " "
            text run at (604,0) width 139: "Image thumbnails are"
            text run at (0,20) width 194: "misplaced on forum.2ostrov.ru"
        LayoutText {#text} at (193,20) size 5x19
          text run at (193,20) width 5: "."
      LayoutBlockFlow {HR} at (0,56) size 784x2 [border: (1px inset #EEEEEE)]
      LayoutBlockFlow {P} at (0,74) size 784x20
        LayoutText {#text} at (0,0) size 232x19
          text run at (0,0) width 232: "Box 1 and box 2 should be identical."
      LayoutBlockFlow (anonymous) at (0,110) size 784x20
        LayoutText {#text} at (0,0) size 43x19
          text run at (0,0) width 43: "Box 1:"
      LayoutBlockFlow {DIV} at (0,130) size 67x82 [border: (1px solid #000000)]
        LayoutBlockFlow {DIV} at (6,6) size 40x20 [bgcolor=#0000FF]
        LayoutText {#text} at (6,31) size 16x19
          text run at (6,31) width 16: "A "
        LayoutBlockFlow {DIV} at (22,26) size 35x20 [bgcolor=#FF0000]
        LayoutText {#text} at (6,56) size 15x19
          text run at (6,56) width 15: "B "
        LayoutBlockFlow {DIV} at (21,51) size 20x20 [bgcolor=#008000]
        LayoutText {#text} at (41,56) size 15x19
          text run at (41,56) width 15: " C"
      LayoutBlockFlow (anonymous) at (0,212) size 784x40
        LayoutBR {BR} at (0,0) size 0x19
        LayoutText {#text} at (0,20) size 43x19
          text run at (0,20) width 43: "Box 2:"
      LayoutBlockFlow {DIV} at (0,252) size 67x82 [border: (1px solid #000000)]
        LayoutBlockFlow {DIV} at (6,6) size 40x20 [bgcolor=#0000FF]
        LayoutText {#text} at (6,31) size 16x19
          text run at (6,31) width 16: "A "
        LayoutBlockFlow {DIV} at (22,26) size 35x20 [bgcolor=#FF0000]
        LayoutText {#text} at (6,56) size 15x19
          text run at (6,56) width 15: "B "
        LayoutBlockFlow {DIV} at (21,51) size 20x20 [bgcolor=#008000]
        LayoutText {#text} at (41,56) size 15x19
          text run at (41,56) width 15: " C"
