layer at (0,0) size 800x600
  LayoutView at (0,0) size 800x600
layer at (0,0) size 800x477
  LayoutBlockFlow {HTML} at (0,0) size 800x477.05
    LayoutBlockFlow {BODY} at (8,8) size 784x461.05
      LayoutBlockFlow {DIV} at (0,0) size 784x87
        LayoutBlockFlow {DETAILS} at (0,0) size 784x87
          LayoutBlockFlow {SUMMARY} at (0,0) size 784x87
            LayoutDetailsMarker {DIV} at (0,0) size 111.83x79.83 [border: (8px solid #00FF00) (16px solid #00FF00) (24px solid #00FF00) (32px solid #00FF00)]: right
            LayoutText {#text} at (121,59) size 95x27
              text run at (121,59) width 95: "Summary"
      LayoutBlockFlow {DIV} at (0,87) size 119x183.44
        LayoutBlockFlow {DETAILS} at (0,0) size 119x183.44
          LayoutBlockFlow {SUMMARY} at (0,0) size 119x183.44
            LayoutDetailsMarker {DIV} at (0,0) size 111.83x79.83 [border: (8px solid #00FF00) (16px solid #00FF00) (24px solid #00FF00) (32px solid #00FF00)]: down
            LayoutText {#text} at (91,89) size 27x95
              text run at (91,89) width 94: "Summary"
      LayoutBlockFlow {DIV} at (0,270.44) size 784x47
        LayoutBlockFlow {DETAILS} at (0,0) size 784x47
          LayoutBlockFlow {SUMMARY} at (0,0) size 784x47
            LayoutDetailsMarker {DIV} at (0,0) size 64x40 [border: (8px solid #00FF00)]: right
            LayoutText {#text} at (73,19) size 95x27
              text run at (73,19) width 95: "Summary"
      LayoutBlockFlow {DIV} at (0,317.44) size 71x143.61
        LayoutBlockFlow {DETAILS} at (0,0) size 71x143.61
          LayoutBlockFlow {SUMMARY} at (0,0) size 71x143.61
            LayoutDetailsMarker {DIV} at (0,0) size 64x40 [border: (8px solid #00FF00)]: down
            LayoutText {#text} at (43,49) size 27x95
              text run at (43,49) width 94: "Summary"
