layer at (0,0) size 800x600
  LayoutView at (0,0) size 800x600
layer at (0,0) size 800x476
  LayoutBlockFlow {HTML} at (0,0) size 800x476.36
    LayoutBlockFlow {BODY} at (4.63,4.63) size 140.88x463.48 [border: (1px dashed #C0C0C0)]
      LayoutBlockFlow {P} at (1,10.25) size 138.88x27
        LayoutText {#text} at (0,-1) size 135x28
          text run at (0,-1) width 129: "The following six blue boxes must"
          text run at (0,8) width 135: "be of the same width. There must be"
          text run at (0,17) width 26: "no red."
      LayoutBlockFlow {P} at (10.25,46.50) size 120.38x27.75 [bgcolor=#008000] [border: (9.25px solid #0000FF)]
        LayoutText {#text} at (9,8) size 3x10
          text run at (9,8) width 3: " "
      LayoutBlockFlow {P} at (1,129.80) size 138.88x9.25
        LayoutText {#text} at (0,-1) size 14x10
          text run at (0,-1) width 14: "      "
        LayoutText {#text} at (0,0) size 0x0
      LayoutBlockFlow {P} at (1,194.59) size 138.88x9.25
      LayoutTable (anonymous) at (1,259.39) size 138x46
        LayoutTableSection (anonymous) at (0,0) size 138x46
          LayoutTableRow (anonymous) at (0,0) size 138x46
            LayoutTableCell {P} at (0,0) size 138x46 [r=0 c=0 rs=1 cs=1]
      LayoutTable {TABLE} at (1,360.94) size 138x46
        LayoutTableSection {TBODY} at (0,0) size 138x46
          LayoutTableRow {TR} at (0,0) size 138x46
            LayoutTableCell {TD} at (0,0) size 138x46 [r=0 c=0 rs=1 cs=1]
      LayoutBlockFlow (floating) {P} at (1,462.48) size 138.88x9.25
layer at (15,134) size 121x44
  LayoutEmbeddedObject {OBJECT} at (9.25,-0.25) size 120.38x43.97 [bgcolor=#FF0000] [border: (9.25px solid #0000FF)]
    layer at (0,0) size 102x25
      LayoutView at (0,0) size 102x25
    layer at (0,0) size 102x25
      LayoutSVGRoot {svg} at (0,0) size 102x25
        LayoutSVGRect {rect} at (0,0) size 1000x250 [stroke={[type=SOLID] [color=#008000] [stroke width=12.00]}] [fill={[type=SOLID] [color=#00FF00]}] [x=0.00] [y=0.00] [width=1000.00] [height=250.00]
        LayoutSVGPath {path} at (150,50) size 700x150 [fill={[type=SOLID] [color=#008000]}] [data="M 500 50 L 150 200 L 850 200 Z"]
layer at (15,199) size 121x44
  LayoutEmbeddedObject {OBJECT} at (9.25,0) size 120.38x43.97 [bgcolor=#FF0000] [border: (9.25px solid #0000FF)]
    layer at (0,0) size 102x25
      LayoutView at (0,0) size 102x25
    layer at (0,0) size 102x25
      LayoutSVGRoot {svg} at (0,0) size 102x25
        LayoutSVGRect {rect} at (0,0) size 1000x250 [stroke={[type=SOLID] [color=#008000] [stroke width=12.00]}] [fill={[type=SOLID] [color=#00FF00]}] [x=0.00] [y=0.00] [width=1000.00] [height=250.00]
        LayoutSVGPath {path} at (150,50) size 700x150 [fill={[type=SOLID] [color=#008000]}] [data="M 500 50 L 150 200 L 850 200 Z"]
layer at (15,264) size 120x44
  LayoutEmbeddedObject {OBJECT} at (9.25,0) size 119.50x43.75 [bgcolor=#FF0000] [border: (9.25px solid #0000FF)]
    layer at (0,0) size 101x25
      LayoutView at (0,0) size 101x25
    layer at (0,0) size 101x25
      LayoutSVGRoot {svg} at (0,0) size 101x25
        LayoutSVGRect {rect} at (0,0) size 1000x250 [stroke={[type=SOLID] [color=#008000] [stroke width=12.00]}] [fill={[type=SOLID] [color=#00FF00]}] [x=0.00] [y=0.00] [width=1000.00] [height=250.00]
        LayoutSVGPath {path} at (150,50) size 700x150 [fill={[type=SOLID] [color=#008000]}] [data="M 500 50 L 150 200 L 850 200 Z"]
layer at (15,366) size 120x44
  LayoutEmbeddedObject {OBJECT} at (9.25,0) size 119.50x43.75 [bgcolor=#FF0000] [border: (9.25px solid #0000FF)]
    layer at (0,0) size 101x25
      LayoutView at (0,0) size 101x25
    layer at (0,0) size 101x25
      LayoutSVGRoot {svg} at (0,0) size 101x25
        LayoutSVGRect {rect} at (0,0) size 1000x250 [stroke={[type=SOLID] [color=#008000] [stroke width=12.00]}] [fill={[type=SOLID] [color=#00FF00]}] [x=0.00] [y=0.00] [width=1000.00] [height=250.00]
        LayoutSVGPath {path} at (150,50) size 700x150 [fill={[type=SOLID] [color=#008000]}] [data="M 500 50 L 150 200 L 850 200 Z"]
layer at (15,467) size 121x44
  LayoutEmbeddedObject {OBJECT} at (9.25,0) size 120.38x43.97 [bgcolor=#FF0000] [border: (9.25px solid #0000FF)]
    layer at (0,0) size 102x25
      LayoutView at (0,0) size 102x25
    layer at (0,0) size 102x25
      LayoutSVGRoot {svg} at (0,0) size 102x25
        LayoutSVGRect {rect} at (0,0) size 1000x250 [stroke={[type=SOLID] [color=#008000] [stroke width=12.00]}] [fill={[type=SOLID] [color=#00FF00]}] [x=0.00] [y=0.00] [width=1000.00] [height=250.00]
        LayoutSVGPath {path} at (150,50) size 700x150 [fill={[type=SOLID] [color=#008000]}] [data="M 500 50 L 150 200 L 850 200 Z"]
