EDITING DELEGATE: webViewDidChangeSelection:WebViewDidChangeSelectionNotification
EDITING DELEGATE: webViewDidChangeSelection:WebViewDidChangeSelectionNotification
layer at (0,0) size 800x600
  LayoutView at (0,0) size 800x600
layer at (0,0) size 800x600
  LayoutBlockFlow {HTML} at (0,0) size 800x600
    LayoutBlockFlow {BODY} at (8,3) size 784x581 [bgcolor=#FFFFFF]
      LayoutBlockFlow {CENTER} at (0,0) size 784x272
        LayoutTable {TABLE} at (0,0) size 784x20
          LayoutTableSection {TBODY} at (0,0) size 784x20
            LayoutTableRow {TR} at (0,0) size 784x16
              LayoutTableCell {TD} at (0,0) size 784x16 [r=0 c=0 rs=1 cs=1]
                LayoutInline {FONT} at (0,0) size 104x15
                  LayoutInline {A} at (0,0) size 104x15 [color=#0000CC]
                    LayoutText {#text} at (680,0) size 104x15
                      text run at (680,0) width 104: "Personalized Home"
            LayoutTableRow {TR} at (0,16) size 784x4
              LayoutTableCell {TD} at (0,17) size 784x1 [r=1 c=0 rs=1 cs=1]
                LayoutImage {IMG} at (0,0) size 1x1
        LayoutBlockFlow (anonymous) at (0,20) size 784x40
          LayoutBR {BR} at (392,0) size 0x19
          LayoutBR {BR} at (392,20) size 0x19
        LayoutBlockFlow {DIV} at (0,60) size 784x108 [border: (2px solid #AAAAFF)]
          LayoutTable {TABLE} at (215.50,2) size 353x24
            LayoutTableSection {TBODY} at (0,0) size 353x24
              LayoutTableRow {TR} at (0,0) size 353x24
                LayoutTableCell {TD} at (0,0) size 353x24 [r=0 c=0 rs=1 cs=1]
                  LayoutInline {FONT} at (0,0) size 345x15
                    LayoutInline {B} at (0,0) size 26x15
                      LayoutText {#text} at (4,4) size 26x15
                        text run at (4,4) width 26: "Web"
                    LayoutText {#text} at (29,4) size 13x15
                      text run at (29,4) width 13: "    "
                    LayoutInline {A} at (0,0) size 39x15 [color=#0000CC]
                      LayoutText {#text} at (41,4) size 39x15
                        text run at (41,4) width 39: "Images"
                    LayoutText {#text} at (79,4) size 13x15
                      text run at (79,4) width 13: "    "
                    LayoutInline {A} at (0,0) size 40x15 [color=#0000CC]
                      LayoutText {#text} at (91,4) size 40x15
                        text run at (91,4) width 40: "Groups"
                    LayoutText {#text} at (130,4) size 13x15
                      text run at (130,4) width 13: "    "
                    LayoutInline {A} at (0,0) size 30x15 [color=#0000CC]
                      LayoutText {#text} at (142,4) size 30x15
                        text run at (142,4) width 30: "News"
                    LayoutText {#text} at (171,4) size 13x15
                      text run at (171,4) width 13: "    "
                    LayoutInline {A} at (0,0) size 43x15 [color=#0000CC]
                      LayoutText {#text} at (183,4) size 43x15
                        text run at (183,4) width 43: "Froogle"
                    LayoutText {#text} at (225,4) size 13x15
                      text run at (225,4) width 13: "    "
                    LayoutInline {A} at (0,0) size 32x15 [color=#0000CC]
                      LayoutText {#text} at (237,4) size 32x15
                        text run at (237,4) width 32: "Local"
                      LayoutInline {SUP} at (0,0) size 1x14
                    LayoutInline {A} at (0,0) size 29x15
                      LayoutInline {FONT} at (0,0) size 29x15 [color=#FF0000]
                        LayoutText {#text} at (268,4) size 29x15
                          text run at (268,4) width 29: "New!"
                    LayoutText {#text} at (296,4) size 13x15
                      text run at (296,4) width 13: "    "
                    LayoutInline {B} at (0,0) size 41x15
                      LayoutInline {A} at (0,0) size 41x15 [color=#0000CC]
                        LayoutText {#text} at (308,4) size 41x15
                          text run at (308,4) width 41: "more \x{BB}"
          LayoutTable {TABLE} at (28,26) size 728x44
            LayoutTableSection {TBODY} at (0,0) size 728x44
              LayoutTableRow {TR} at (0,0) size 728x44
                LayoutTableCell {TD} at (0,12) size 182x20 [r=0 c=0 rs=1 cs=1]
                  LayoutText {#text} at (0,0) size 4x19
                    text run at (0,0) width 4: " "
                LayoutTableCell {TD} at (182,0) size 364x44 [r=0 c=1 rs=1 cs=1]
                  LayoutTextControl {INPUT} at (0,0) size 364x22 [bgcolor=#FFFFFF] [border: (2px inset #EEEEEE)]
                  LayoutBR {BR} at (364,16) size 0x0
                  LayoutButton {INPUT} at (72,22) size 102x22 [bgcolor=#C0C0C0] [border: (2px outset #C0C0C0)]
                    LayoutBlockFlow (anonymous) at (8,3) size 86x16
                      LayoutText {#text} at (0,0) size 86x16
                        text run at (0,0) width 86: "Google Search"
                  LayoutButton {INPUT} at (174,22) size 118x22 [bgcolor=#C0C0C0] [border: (2px outset #C0C0C0)]
                    LayoutBlockFlow (anonymous) at (8,3) size 102x16
                      LayoutText {#text} at (0,0) size 102x16
                        text run at (0,0) width 102: "I'm Feeling Lucky"
                LayoutTableCell {TD} at (546,0) size 182x36 [r=0 c=2 rs=1 cs=1]
                  LayoutInline {FONT} at (0,0) size 74x36
                    LayoutText {#text} at (0,0) size 6x12
                      text run at (0,0) width 6: "  "
                    LayoutInline {A} at (0,0) size 68x12 [color=#0000CC]
                      LayoutText {#text} at (6,0) size 68x12
                        text run at (6,0) width 68: "Advanced Search"
                    LayoutBR {BR} at (74,10) size 0x0
                    LayoutText {#text} at (0,12) size 6x12
                      text run at (0,12) width 6: "  "
                    LayoutInline {A} at (0,0) size 44x12 [color=#0000CC]
                      LayoutText {#text} at (6,12) size 44x12
                        text run at (6,12) width 44: "Preferences"
                    LayoutBR {BR} at (50,22) size 0x0
                    LayoutText {#text} at (0,24) size 6x12
                      text run at (0,24) width 6: "  "
                    LayoutInline {A} at (0,0) size 64x12 [color=#0000CC]
                      LayoutText {#text} at (6,24) size 64x12
                        text run at (6,24) width 64: "Language Tools"
          LayoutBlockFlow (anonymous) at (2,70) size 780x36
            LayoutBR {BR} at (390,0) size 0x19
            LayoutInline {FONT} at (0,0) size 148x15
              LayoutInline {FONT} at (0,0) size 28x15 [color=#FF0000]
                LayoutText {#text} at (316,20) size 28x15
                  text run at (316,20) width 28: "New!"
              LayoutText {#text} at (344,20) size 3x15
                text run at (344,20) width 3: " "
              LayoutInline {A} at (0,0) size 114x15 [color=#0000CC]
                LayoutText {#text} at (347,20) size 114x15
                  text run at (347,20) width 114: "Personalize this page"
              LayoutText {#text} at (461,20) size 3x15
                text run at (461,20) width 3: "."
            LayoutText {#text} at (0,0) size 0x0
        LayoutBlockFlow (anonymous) at (0,168) size 784x76
          LayoutBR {BR} at (392,0) size 0x19
          LayoutBR {BR} at (392,20) size 0x19
          LayoutBR {BR} at (392,40) size 0x19
          LayoutInline {FONT} at (0,0) size 318x15
            LayoutInline {A} at (0,0) size 118x15 [color=#0000CC]
              LayoutText {#text} at (233,60) size 118x15
                text run at (233,60) width 118: "Advertising Programs"
            LayoutText {#text} at (350,60) size 11x15
              text run at (350,60) width 11: " - "
            LayoutInline {A} at (0,0) size 104x15 [color=#0000CC]
              LayoutText {#text} at (360,60) size 104x15
                text run at (360,60) width 104: "Business Solutions"
            LayoutText {#text} at (463,60) size 11x15
              text run at (463,60) width 11: " - "
            LayoutInline {A} at (0,0) size 78x15 [color=#0000CC]
              LayoutText {#text} at (473,60) size 78x15
                text run at (473,60) width 78: "About Google"
        LayoutBlockFlow {P} at (0,260) size 784x12
          LayoutInline {FONT} at (0,0) size 60x12
            LayoutText {#text} at (362,0) size 60x12
              text run at (362,0) width 60: "\x{A9}2005 Google"
layer at (220,92) size 360x16
  LayoutBlockFlow {DIV} at (2,3) size 360x16
selection start: position 0 of child 1 {TABLE} of child 4 {DIV} of child 0 {CENTER} of body
selection end:   position 1 of child 3 {#text} of child 4 {FONT} of child 4 {DIV} of child 0 {CENTER} of body
